// Jest Snapshot v1, https://jestjs.io/docs/snapshot-testing

exports[`LibraryCollectionCreateDialog rendering tests LibraryCollectionCreateDialog - open false - does not render dialog - test 1`] = `
<div>
  <div
    data-slot="dialog"
    data-testid="mock-react-dialog-root"
  >
    <div
      data-slot="dialog-portal"
      data-testid="mock-react-dialog-portal"
    >
      <div
        class="fixed inset-0 z-50 bg-black/50 data-[state=closed]:animate-out data-[state=closed]:fade-out-0 data-[state=open]:animate-in data-[state=open]:fade-in-0"
        data-slot="dialog-overlay"
        data-testid="mock-react-dialog-overlay"
      />
    </div>
  </div>
</div>
`;

exports[`LibraryCollectionCreateDialog rendering tests LibraryCollectionCreateDialog - open true - renders dialog - test 1`] = `
<div>
  <div
    data-slot="dialog"
    data-testid="mock-react-dialog-root"
  >
    <div
      data-slot="dialog-portal"
      data-testid="mock-react-dialog-portal"
    >
      <div
        class="fixed inset-0 z-50 bg-black/50 data-[state=closed]:animate-out data-[state=closed]:fade-out-0 data-[state=open]:animate-in data-[state=open]:fade-in-0"
        data-slot="dialog-overlay"
        data-testid="mock-react-dialog-overlay"
      />
      <div
        class="fixed top-[50%] left-[50%] z-50 grid w-full max-w-[calc(100%-2rem)] translate-x-[-50%] translate-y-[-50%] gap-4 rounded-lg border bg-background p-6 shadow-lg duration-200 data-[state=closed]:animate-out data-[state=closed]:fade-out-0 data-[state=closed]:zoom-out-95 data-[state=open]:animate-in data-[state=open]:fade-in-0 data-[state=open]:zoom-in-95 sm:max-w-lg"
        data-slot="dialog-content"
        data-testid="create-library-collection-dialog"
      >
        <div
          class="flex flex-col gap-2 text-center sm:text-left"
          data-slot="dialog-header"
        >
          <div
            class="text-lg leading-none font-semibold"
            data-slot="dialog-title"
            data-testid="mock-react-dialog-title"
          >
            Neue Sammlung erstellen
          </div>
          <div
            class="text-sm text-muted-foreground"
            data-slot="dialog-description"
            data-testid="mock-react-dialog-description"
          >
            Erstellen Sie eine neue Sammlung, um Ihre Vorlagen zu organisieren.
          </div>
        </div>
        <form
          class="space-y-4"
        >
          <div
            class="grid gap-2"
            data-slot="form-item"
            data-testid="name"
          >
            <label
              class="flex items-center text-sm leading-none font-medium select-none group-data-[disabled=true]:pointer-events-none group-data-[disabled=true]:opacity-50 peer-disabled:cursor-not-allowed peer-disabled:opacity-50 data-[error=true]:text-destructive gap-1"
              data-error="false"
              data-slot="form-label"
              for="_r_0_-form-item"
            >
              Name
              <span
                class="text-destructive"
              >
                *
              </span>
            </label>
            <input
              aria-describedby="_r_0_-form-item-description"
              aria-invalid="false"
              class="file:text-foreground placeholder:text-muted-foreground selection:bg-primary selection:text-primary-foreground dark:bg-input/30 border-input h-9 w-full min-w-0 rounded-md border bg-transparent px-3 py-1 text-base shadow-xs transition-[color,box-shadow] outline-none file:inline-flex file:h-7 file:border-0 file:bg-transparent file:text-sm file:font-medium disabled:pointer-events-none disabled:cursor-not-allowed disabled:opacity-50 md:text-sm focus-visible:border-ring focus-visible:ring-ring/50 focus-visible:ring-[3px] aria-invalid:ring-destructive/20 dark:aria-invalid:ring-destructive/40 aria-invalid:border-destructive"
              data-slot="form-control"
              data-testid="input"
              id="_r_0_-form-item"
              name="name"
              placeholder="Meine Sammlung"
              value=""
            />
          </div>
          <div
            class="grid gap-2"
            data-slot="form-item"
            data-testid="description"
          >
            <label
              class="flex items-center gap-2 text-sm leading-none font-medium select-none group-data-[disabled=true]:pointer-events-none group-data-[disabled=true]:opacity-50 peer-disabled:cursor-not-allowed peer-disabled:opacity-50 data-[error=true]:text-destructive"
              data-error="false"
              data-slot="form-label"
              for="_r_1_-form-item"
            >
              Beschreibung
            </label>
            <textarea
              aria-describedby="_r_1_-form-item-description"
              aria-invalid="false"
              class="border-input placeholder:text-muted-foreground focus-visible:border-ring focus-visible:ring-ring/50 aria-invalid:ring-destructive/20 dark:aria-invalid:ring-destructive/40 aria-invalid:border-destructive dark:bg-input/30 flex field-sizing-content min-h-16 w-full rounded-md border bg-transparent px-3 py-2 text-base shadow-xs transition-[color,box-shadow] outline-none focus-visible:ring-[3px] disabled:cursor-not-allowed disabled:opacity-50 md:text-sm"
              data-slot="form-control"
              data-testid="textarea"
              id="_r_1_-form-item"
              name="description"
              placeholder="Beschreiben Sie diese Sammlung..."
              rows="3"
            />
          </div>
          <div
            class="grid gap-2"
            data-slot="form-item"
            data-testid="color"
          >
            <label
              class="flex items-center gap-2 text-sm leading-none font-medium select-none group-data-[disabled=true]:pointer-events-none group-data-[disabled=true]:opacity-50 peer-disabled:cursor-not-allowed peer-disabled:opacity-50 data-[error=true]:text-destructive"
              data-error="false"
              data-slot="form-label"
              for="_r_2_-form-item"
            >
              Farbe
            </label>
            <input
              aria-describedby="_r_2_-form-item-description"
              aria-invalid="false"
              class="file:text-foreground placeholder:text-muted-foreground selection:bg-primary selection:text-primary-foreground dark:bg-input/30 border-input h-9 w-full min-w-0 rounded-md border bg-transparent px-3 py-1 text-base shadow-xs transition-[color,box-shadow] outline-none file:inline-flex file:h-7 file:border-0 file:bg-transparent file:text-sm file:font-medium disabled:pointer-events-none disabled:cursor-not-allowed disabled:opacity-50 md:text-sm focus-visible:border-ring focus-visible:ring-ring/50 focus-visible:ring-[3px] aria-invalid:ring-destructive/20 dark:aria-invalid:ring-destructive/40 aria-invalid:border-destructive"
              data-slot="form-control"
              data-testid="input"
              id="_r_2_-form-item"
              name="color"
              type="color"
              value="#3b82f6"
            />
          </div>
          <div
            class="flex flex-col-reverse gap-2 sm:flex-row sm:justify-end"
            data-slot="dialog-footer"
          >
            <button
              class="inline-flex items-center justify-center gap-2 whitespace-nowrap rounded-md text-sm font-medium transition-all disabled:pointer-events-none disabled:opacity-50 [&_svg]:pointer-events-none [&_svg:not([class*='size-'])]:size-4 shrink-0 [&_svg]:shrink-0 outline-none focus-visible:border-ring focus-visible:ring-ring/50 focus-visible:ring-[3px] aria-invalid:ring-destructive/20 dark:aria-invalid:ring-destructive/40 aria-invalid:border-destructive border bg-background shadow-xs hover:bg-accent hover:text-accent-foreground dark:bg-input/30 dark:border-input dark:hover:bg-input/50 h-9 px-4 py-2 has-[>svg]:px-3"
              data-slot="button"
              data-testid="cancel-btn"
              type="button"
            >
              Abbrechen
            </button>
            <button
              class="inline-flex items-center justify-center gap-2 whitespace-nowrap rounded-md text-sm font-medium transition-all disabled:pointer-events-none disabled:opacity-50 [&_svg]:pointer-events-none [&_svg:not([class*='size-'])]:size-4 shrink-0 [&_svg]:shrink-0 outline-none focus-visible:border-ring focus-visible:ring-ring/50 focus-visible:ring-[3px] aria-invalid:ring-destructive/20 dark:aria-invalid:ring-destructive/40 aria-invalid:border-destructive bg-primary text-primary-foreground hover:bg-primary/90 h-9 px-4 py-2 has-[>svg]:px-3"
              data-slot="button"
              data-testid="submit-btn"
              type="submit"
            >
              Erstellen
            </button>
          </div>
        </form>
        <button
          class="absolute top-4 right-4 rounded-xs opacity-70 ring-offset-background transition-opacity hover:opacity-100 focus:ring-2 focus:ring-ring focus:ring-offset-2 focus:outline-hidden disabled:pointer-events-none data-[state=open]:bg-accent data-[state=open]:text-muted-foreground [&_svg]:pointer-events-none [&_svg]:shrink-0 [&_svg:not([class*='size-'])]:size-4"
          data-slot="dialog-close"
          data-testid="dialog-close-btn"
        >
          <svg
            aria-hidden="true"
            class="lucide lucide-x"
            fill="none"
            height="24"
            stroke="currentColor"
            stroke-linecap="round"
            stroke-linejoin="round"
            stroke-width="2"
            viewBox="0 0 24 24"
            width="24"
            xmlns="http://www.w3.org/2000/svg"
          >
            <path
              d="M18 6 6 18"
            />
            <path
              d="m6 6 12 12"
            />
          </svg>
          <span
            class="sr-only"
          >
            Close
          </span>
        </button>
      </div>
    </div>
  </div>
</div>
`;
