// Jest Snapshot v1, https://jestjs.io/docs/snapshot-testing

exports[`CollectionPage rendering tests collection defined - test 1`] = `
<div>
  <div
    class="h-full"
    data-testid="collection-page"
  >
    <div
      data-testid="collection-view"
    />
  </div>
</div>
`;

exports[`CollectionPage rendering tests collection null - test 1`] = `<div />`;
