// Jest Snapshot v1, https://jestjs.io/docs/snapshot-testing

exports[`PublicLayoutWrapper rendering tests PublicLayoutWrapper - isAuthenticated false - test 1`] = `
<div>
  <div
    data-testid="public-layout-wrapper"
  >
    <div
      data-testid="test-1"
    />
  </div>
</div>
`;

exports[`PublicLayoutWrapper rendering tests PublicLayoutWrapper - isAuthenticated true - test 1`] = `<div />`;
