// Jest Snapshot v1, https://jestjs.io/docs/snapshot-testing

exports[`SidebarFooter rendering tests sidebar open - rendered test 1`] = `
<div>
  <div
    class="group/sidebar-wrapper has-data-[variant=inset]:bg-sidebar flex min-h-svh w-full"
    data-slot="sidebar-wrapper"
    style="--sidebar-width: 16rem; --sidebar-width-icon: 3rem;"
  >
    <div
      class="flex flex-col gap-2 p-2 border-t"
      data-sidebar="footer"
      data-slot="sidebar-footer"
      data-testid="sidebar-footer"
    >
      <ul
        class="flex w-full min-w-0 flex-col gap-1"
        data-sidebar="menu"
        data-slot="sidebar-menu"
        data-testid="sidebar-footer-menu"
      >
        <li
          class="group/menu-item relative"
          data-sidebar="menu-item"
          data-slot="sidebar-menu-item"
        >
          <div
            data-slot="dropdown-menu"
            data-testid="mock-react-dropdown-menu-root"
          >
            <button
              class="peer/menu-button flex w-full items-center gap-2 overflow-hidden rounded-md p-2 text-left outline-hidden ring-sidebar-ring transition-[width,height,padding] focus-visible:ring-2 active:bg-sidebar-accent active:text-sidebar-accent-foreground disabled:pointer-events-none disabled:opacity-50 group-has-data-[sidebar=menu-action]/menu-item:pr-8 aria-disabled:pointer-events-none aria-disabled:opacity-50 data-[active=true]:bg-sidebar-accent data-[active=true]:font-medium data-[active=true]:text-sidebar-accent-foreground data-[state=open]:hover:bg-sidebar-accent data-[state=open]:hover:text-sidebar-accent-foreground group-data-[collapsible=icon]:size-8! group-data-[collapsible=icon]:p-2! [&>span:last-child]:truncate [&>svg]:size-4 [&>svg]:shrink-0 hover:bg-sidebar-accent hover:text-sidebar-accent-foreground h-8 text-sm"
              data-active="false"
              data-sidebar="menu-button"
              data-size="default"
              data-slot="dropdown-menu-trigger"
              data-testid="sidebar-menu-btn"
            >
              <svg
                aria-hidden="true"
                class="lucide lucide-user-round"
                fill="none"
                height="24"
                stroke="currentColor"
                stroke-linecap="round"
                stroke-linejoin="round"
                stroke-width="2"
                viewBox="0 0 24 24"
                width="24"
                xmlns="http://www.w3.org/2000/svg"
              >
                <circle
                  cx="12"
                  cy="8"
                  r="5"
                />
                <path
                  d="M20 21a8 8 0 0 0-16 0"
                />
              </svg>
               
              User Name 1
              <svg
                aria-hidden="true"
                class="lucide lucide-chevron-up ml-auto"
                fill="none"
                height="24"
                stroke="currentColor"
                stroke-linecap="round"
                stroke-linejoin="round"
                stroke-width="2"
                viewBox="0 0 24 24"
                width="24"
                xmlns="http://www.w3.org/2000/svg"
              >
                <path
                  d="m18 15-6-6-6 6"
                />
              </svg>
            </button>
            <div
              data-testid="mock-react-dropdown-menu-portal"
            />
          </div>
        </li>
      </ul>
    </div>
  </div>
</div>
`;

exports[`SidebarFooter rendering tests sidebar open - rendered test 2`] = `
<div>
  <div
    class="group/sidebar-wrapper has-data-[variant=inset]:bg-sidebar flex min-h-svh w-full"
    data-slot="sidebar-wrapper"
    style="--sidebar-width: 16rem; --sidebar-width-icon: 3rem;"
  >
    <div
      class="flex flex-col gap-2 p-2 border-t"
      data-sidebar="footer"
      data-slot="sidebar-footer"
      data-testid="sidebar-footer"
    >
      <ul
        class="flex w-full min-w-0 flex-col gap-1"
        data-sidebar="menu"
        data-slot="sidebar-menu"
        data-testid="sidebar-footer-menu"
      >
        <li
          class="group/menu-item relative"
          data-sidebar="menu-item"
          data-slot="sidebar-menu-item"
        >
          <div
            data-slot="dropdown-menu"
            data-testid="mock-react-dropdown-menu-root"
          >
            <button
              class="peer/menu-button flex w-full items-center gap-2 overflow-hidden rounded-md p-2 text-left outline-hidden ring-sidebar-ring transition-[width,height,padding] focus-visible:ring-2 active:bg-sidebar-accent active:text-sidebar-accent-foreground disabled:pointer-events-none disabled:opacity-50 group-has-data-[sidebar=menu-action]/menu-item:pr-8 aria-disabled:pointer-events-none aria-disabled:opacity-50 data-[active=true]:bg-sidebar-accent data-[active=true]:font-medium data-[active=true]:text-sidebar-accent-foreground data-[state=open]:hover:bg-sidebar-accent data-[state=open]:hover:text-sidebar-accent-foreground group-data-[collapsible=icon]:size-8! group-data-[collapsible=icon]:p-2! [&>span:last-child]:truncate [&>svg]:size-4 [&>svg]:shrink-0 hover:bg-sidebar-accent hover:text-sidebar-accent-foreground h-8 text-sm"
              data-active="false"
              data-sidebar="menu-button"
              data-size="default"
              data-slot="dropdown-menu-trigger"
              data-testid="sidebar-menu-btn"
            >
              <svg
                aria-hidden="true"
                class="lucide lucide-user-round"
                fill="none"
                height="24"
                stroke="currentColor"
                stroke-linecap="round"
                stroke-linejoin="round"
                stroke-width="2"
                viewBox="0 0 24 24"
                width="24"
                xmlns="http://www.w3.org/2000/svg"
              >
                <circle
                  cx="12"
                  cy="8"
                  r="5"
                />
                <path
                  d="M20 21a8 8 0 0 0-16 0"
                />
              </svg>
               
              User Name 1
              <svg
                aria-hidden="true"
                class="lucide lucide-chevron-up ml-auto"
                fill="none"
                height="24"
                stroke="currentColor"
                stroke-linecap="round"
                stroke-linejoin="round"
                stroke-width="2"
                viewBox="0 0 24 24"
                width="24"
                xmlns="http://www.w3.org/2000/svg"
              >
                <path
                  d="m18 15-6-6-6 6"
                />
              </svg>
            </button>
            <div
              data-testid="mock-react-dropdown-menu-portal"
            >
              <div
                align="start"
                class="bg-popover text-popover-foreground data-[state=open]:animate-in data-[state=closed]:animate-out data-[state=closed]:fade-out-0 data-[state=open]:fade-in-0 data-[state=closed]:zoom-out-95 data-[state=open]:zoom-in-95 data-[side=bottom]:slide-in-from-top-2 data-[side=left]:slide-in-from-right-2 data-[side=right]:slide-in-from-left-2 data-[side=top]:slide-in-from-bottom-2 z-50 max-h-(--radix-dropdown-menu-content-available-height) min-w-[8rem] origin-(--radix-dropdown-menu-content-transform-origin) overflow-x-hidden overflow-y-auto rounded-md border p-1 shadow-md w-(--radix-popper-anchor-width) border-indigo-300"
                data-slot="dropdown-menu-content"
                data-testid="mock-react-dropdown-menu-content"
                side="top"
                sideoffset="20"
              >
                <div
                  data-slot="dropdown-menu-group"
                  data-testid="mock-react-dropdown-menu-group"
                >
                  <a
                    class="focus:bg-accent focus:text-accent-foreground data-[variant=destructive]:text-destructive data-[variant=destructive]:focus:bg-destructive/10 dark:data-[variant=destructive]:focus:bg-destructive/20 data-[variant=destructive]:focus:text-destructive data-[variant=destructive]:*:[svg]:!text-destructive [&_svg:not([class*='text-'])]:text-muted-foreground relative flex cursor-default items-center gap-2 rounded-sm px-2 py-1.5 text-sm outline-hidden select-none data-[disabled]:pointer-events-none data-[disabled]:opacity-50 data-[inset]:pl-8 [&_svg]:pointer-events-none [&_svg]:shrink-0 [&_svg:not([class*='size-'])]:size-4"
                    data-slot="dropdown-menu-item"
                    data-testid="account"
                    data-variant="default"
                    href="/settings/general"
                  >
                    <span>
                      Konto
                    </span>
                  </a>
                </div>
                <div
                  class="bg-border h-px mx-2 my-1.5"
                  data-slot="dropdown-menu-separator"
                  data-testid="mock-react-dropdown-menu-separator"
                />
                <div
                  class="focus:bg-accent focus:text-accent-foreground data-[variant=destructive]:text-destructive data-[variant=destructive]:focus:bg-destructive/10 dark:data-[variant=destructive]:focus:bg-destructive/20 data-[variant=destructive]:focus:text-destructive data-[variant=destructive]:*:[svg]:!text-destructive [&_svg:not([class*='text-'])]:text-muted-foreground relative flex items-center gap-2 text-sm outline-hidden select-none data-[disabled]:pointer-events-none data-[disabled]:opacity-50 data-[inset]:pl-8 [&_svg]:pointer-events-none [&_svg]:shrink-0 [&_svg:not([class*='size-'])]:size-4 cursor-pointer rounded-lg px-2 py-1.5"
                  data-slot="dropdown-menu-item"
                  data-testid="sign-out"
                  data-variant="default"
                >
                  <svg
                    aria-hidden="true"
                    class="lucide lucide-log-out"
                    fill="none"
                    height="24"
                    stroke="currentColor"
                    stroke-linecap="round"
                    stroke-linejoin="round"
                    stroke-width="2"
                    viewBox="0 0 24 24"
                    width="24"
                    xmlns="http://www.w3.org/2000/svg"
                  >
                    <path
                      d="m16 17 5-5-5-5"
                    />
                    <path
                      d="M21 12H9"
                    />
                    <path
                      d="M9 21H5a2 2 0 0 1-2-2V5a2 2 0 0 1 2-2h4"
                    />
                  </svg>
                  <span>
                    Abmelden
                  </span>
                </div>
              </div>
            </div>
          </div>
        </li>
      </ul>
    </div>
  </div>
</div>
`;
