// Jest Snapshot v1, https://jestjs.io/docs/snapshot-testing

exports[`TemplateCard rendering tests TemplateCard rendered test 1`] = `
<div>
  <div
    class="text-card-foreground flex flex-col shadow-sm p-4 gap-0 bg-white border border-slate-300 rounded-lg text-left hover:border-blue-500 hover:shadow-md transition-all"
    data-slot="card"
    data-testid="template-card"
  >
    <div
      class="@container/card-header grid auto-rows-min grid-rows-[auto_auto] has-data-[slot=card-action]:grid-cols-[1fr_auto] [.border-b]:pb-6 p-0 gap-0 items-center"
      data-slot="card-header"
    >
      <h4
        class="font-medium mb-2 text-slate-900"
      >
        title 1
      </h4>
    </div>
    <div
      class="p-0 grid gap-2"
      data-slot="card-content"
    >
      <div
        class="flex flex-wrap gap-1 mb-2"
        data-testid="tags"
      >
        <span
          class="text-xs px-2 py-0.5 bg-slate-100 text-slate-700 rounded border border-slate-200"
        >
          category 1
        </span>
        <span
          class="text-xs px-2 py-0.5 bg-blue-100 text-blue-700 rounded border border-blue-200"
        >
          🤖 
          model 1
        </span>
      </div>
      <p
        class="text-xs text-slate-600 line-clamp-2"
        data-testid="content"
      >
        content 1
      </p>
    </div>
  </div>
</div>
`;
