// Jest Snapshot v1, https://jestjs.io/docs/snapshot-testing

exports[`CatalogEntriesDashboard rendering tests rendered test 1`] = `
<div>
  <div
    data-testid="catalog-entries-dashboard"
  >
    <div
      class="flex gap-6"
    >
      <aside
        class="hidden w-64 shrink-0 md:block"
        data-testid="catalog-entries-sidebar"
      >
        <div
          class="rounded-xl border bg-white shadow-sm"
        >
          <div
            data-testid="catalog-entry-filters"
          >
            <div
              class="flex items-center justify-between border-b px-4 py-3"
            >
              <span
                class="text-sm font-semibold text-slate-700"
              >
                Filter
              </span>
            </div>
            <div
              class="p-3"
              data-testid="categories-filter"
            >
              <p
                class="px-2 pb-1.5 text-xs font-semibold tracking-wide text-slate-400 uppercase"
              >
                Kategorien
              </p>
              <div
                class="space-y-0.5"
              >
                <button
                  class="flex w-full items-center rounded-lg px-2 py-1.5 text-left text-sm transition-colors bg-primary/10 font-medium text-primary"
                  data-testid="category-all"
                >
                  Alle
                </button>
                <button
                  class="flex w-full items-center rounded-lg px-2 py-1.5 text-left text-sm transition-colors text-slate-600 hover:bg-slate-50"
                  data-testid="category-category-1"
                >
                  <span
                    class="flex-1"
                  >
                    Category 1
                  </span>
                </button>
                <button
                  class="flex w-full items-center rounded-lg px-2 py-1.5 text-left text-sm transition-colors text-slate-600 hover:bg-slate-50"
                  data-testid="category-category-2"
                >
                  <span
                    class="flex-1"
                  >
                    Category 2
                  </span>
                </button>
                <button
                  class="flex w-full items-center rounded-lg px-2 py-1.5 text-left text-sm transition-colors text-slate-600 hover:bg-slate-50"
                  data-testid="category-category-3"
                >
                  <span
                    class="flex-1"
                  >
                    Category 3
                  </span>
                </button>
              </div>
            </div>
          </div>
        </div>
      </aside>
      <div
        class="min-w-0 flex-1"
      >
        <div
          class="mb-4 border-b bg-white pb-3"
          data-testid="catalog-entries-toolbar"
        >
          <div
            class="flex flex-col gap-2 sm:hidden"
          >
            <div
              class="relative"
              data-testid="search-filter"
            >
              <svg
                aria-hidden="true"
                class="lucide lucide-search absolute top-1/2 left-3 h-4 w-4 -translate-y-1/2 text-slate-400"
                fill="none"
                height="24"
                stroke="currentColor"
                stroke-linecap="round"
                stroke-linejoin="round"
                stroke-width="2"
                viewBox="0 0 24 24"
                width="24"
                xmlns="http://www.w3.org/2000/svg"
              >
                <path
                  d="m21 21-4.34-4.34"
                />
                <circle
                  cx="11"
                  cy="11"
                  r="8"
                />
              </svg>
              <input
                class="file:text-foreground placeholder:text-muted-foreground selection:bg-primary selection:text-primary-foreground dark:bg-input/30 border-input min-w-0 rounded-md border bg-transparent px-3 py-1 text-base shadow-xs transition-[color,box-shadow] outline-none file:inline-flex file:h-7 file:border-0 file:bg-transparent file:text-sm file:font-medium disabled:pointer-events-none disabled:cursor-not-allowed disabled:opacity-50 md:text-sm focus-visible:border-ring focus-visible:ring-ring/50 focus-visible:ring-[3px] aria-invalid:ring-destructive/20 dark:aria-invalid:ring-destructive/40 aria-invalid:border-destructive h-9 w-full pl-9 sm:h-8 sm:w-72 sm:pl-9 sm:text-sm"
                data-slot="input"
                data-testid="search-input"
                placeholder="Suchen…"
                value=""
              />
            </div>
            <div
              class="flex gap-2"
            >
              <div
                data-slot="sheet"
                data-testid="mock-react-dialog-root"
              >
                <div
                  class="relative flex-1 sm:flex-none md:hidden"
                >
                  <button
                    class="inline-flex items-center justify-center whitespace-nowrap rounded-md text-sm font-medium transition-all disabled:pointer-events-none disabled:opacity-50 [&_svg]:pointer-events-none [&_svg:not([class*='size-'])]:size-4 shrink-0 [&_svg]:shrink-0 outline-none focus-visible:border-ring focus-visible:ring-ring/50 focus-visible:ring-[3px] aria-invalid:ring-destructive/20 dark:aria-invalid:ring-destructive/40 aria-invalid:border-destructive border bg-background shadow-xs hover:bg-accent hover:text-accent-foreground dark:bg-input/30 dark:border-input dark:hover:bg-input/50 px-4 py-2 has-[>svg]:px-3 h-9 w-full gap-2 sm:h-8"
                    data-slot="button"
                    data-testid="mobile-filter-btn"
                  >
                    <svg
                      aria-hidden="true"
                      class="lucide lucide-funnel h-4 w-4"
                      fill="none"
                      height="24"
                      stroke="currentColor"
                      stroke-linecap="round"
                      stroke-linejoin="round"
                      stroke-width="2"
                      viewBox="0 0 24 24"
                      width="24"
                      xmlns="http://www.w3.org/2000/svg"
                    >
                      <path
                        d="M10 20a1 1 0 0 0 .553.895l2 1A1 1 0 0 0 14 21v-7a2 2 0 0 1 .517-1.341L21.74 4.67A1 1 0 0 0 21 3H3a1 1 0 0 0-.742 1.67l7.225 7.989A2 2 0 0 1 10 14z"
                      />
                    </svg>
                    Filter
                  </button>
                </div>
                <div
                  data-slot="sheet-portal"
                  data-testid="mock-react-dialog-portal"
                >
                  <div
                    class="data-[state=open]:animate-in data-[state=closed]:animate-out data-[state=closed]:fade-out-0 data-[state=open]:fade-in-0 fixed inset-0 z-50 bg-black/50"
                    data-slot="sheet-overlay"
                    data-testid="mock-react-dialog-overlay"
                  />
                </div>
              </div>
              <div
                class="flex-1"
              >
                <button
                  aria-autocomplete="none"
                  aria-controls="radix-_r_6_"
                  aria-expanded="false"
                  class="border-input data-[placeholder]:text-muted-foreground [&_svg:not([class*='text-'])]:text-muted-foreground focus-visible:border-ring focus-visible:ring-ring/50 aria-invalid:ring-destructive/20 dark:aria-invalid:ring-destructive/40 aria-invalid:border-destructive dark:bg-input/30 dark:hover:bg-input/50 flex items-center justify-between gap-2 rounded-md border bg-transparent px-3 py-2 text-sm whitespace-nowrap shadow-xs transition-[color,box-shadow] outline-none focus-visible:ring-[3px] disabled:cursor-not-allowed disabled:opacity-50 data-[size=default]:h-9 data-[size=sm]:h-8 *:data-[slot=select-value]:line-clamp-1 *:data-[slot=select-value]:flex *:data-[slot=select-value]:items-center *:data-[slot=select-value]:gap-2 [&_svg]:pointer-events-none [&_svg]:shrink-0 [&_svg:not([class*='size-'])]:size-4 h-9 w-full sm:h-8 sm:w-42.5"
                  data-size="default"
                  data-slot="select-trigger"
                  data-state="closed"
                  data-testid="catalog-sort-by-select"
                  dir="ltr"
                  role="combobox"
                  type="button"
                >
                  <span
                    class="flex items-center gap-1.5"
                  >
                    <svg
                      aria-hidden="true"
                      class="lucide lucide-clock h-4 w-4 shrink-0"
                      data-testid="sort-mobile-icon"
                      fill="none"
                      height="24"
                      stroke="currentColor"
                      stroke-linecap="round"
                      stroke-linejoin="round"
                      stroke-width="2"
                      viewBox="0 0 24 24"
                      width="24"
                      xmlns="http://www.w3.org/2000/svg"
                    >
                      <path
                        d="M12 6v6l4 2"
                      />
                      <circle
                        cx="12"
                        cy="12"
                        r="10"
                      />
                    </svg>
                    <span
                      class="sm:hidden"
                    >
                      Neueste
                    </span>
                    <span
                      class="hidden sm:contents"
                    >
                      <span
                        data-slot="select-value"
                        style="pointer-events: none;"
                      >
                        <span
                          class="flex items-center gap-2"
                        >
                          <svg
                            aria-hidden="true"
                            class="lucide lucide-clock h-3.5 w-3.5"
                            fill="none"
                            height="24"
                            stroke="currentColor"
                            stroke-linecap="round"
                            stroke-linejoin="round"
                            stroke-width="2"
                            viewBox="0 0 24 24"
                            width="24"
                            xmlns="http://www.w3.org/2000/svg"
                          >
                            <path
                              d="M12 6v6l4 2"
                            />
                            <circle
                              cx="12"
                              cy="12"
                              r="10"
                            />
                          </svg>
                          Neueste zuerst
                        </span>
                      </span>
                    </span>
                  </span>
                  <svg
                    aria-hidden="true"
                    class="lucide lucide-chevron-down size-4 opacity-50"
                    fill="none"
                    height="24"
                    stroke="currentColor"
                    stroke-linecap="round"
                    stroke-linejoin="round"
                    stroke-width="2"
                    viewBox="0 0 24 24"
                    width="24"
                    xmlns="http://www.w3.org/2000/svg"
                  >
                    <path
                      d="m6 9 6 6 6-6"
                    />
                  </svg>
                </button>
                <div
                  data-testid="mock-react-portal"
                />
              </div>
            </div>
          </div>
          <div
            class="hidden items-center justify-between sm:flex"
          >
            <div
              class="flex items-center gap-3"
            >
              <div
                class="relative"
                data-testid="search-filter"
              >
                <svg
                  aria-hidden="true"
                  class="lucide lucide-search absolute top-1/2 left-3 h-4 w-4 -translate-y-1/2 text-slate-400"
                  fill="none"
                  height="24"
                  stroke="currentColor"
                  stroke-linecap="round"
                  stroke-linejoin="round"
                  stroke-width="2"
                  viewBox="0 0 24 24"
                  width="24"
                  xmlns="http://www.w3.org/2000/svg"
                >
                  <path
                    d="m21 21-4.34-4.34"
                  />
                  <circle
                    cx="11"
                    cy="11"
                    r="8"
                  />
                </svg>
                <input
                  class="file:text-foreground placeholder:text-muted-foreground selection:bg-primary selection:text-primary-foreground dark:bg-input/30 border-input min-w-0 rounded-md border bg-transparent px-3 py-1 text-base shadow-xs transition-[color,box-shadow] outline-none file:inline-flex file:h-7 file:border-0 file:bg-transparent file:text-sm file:font-medium disabled:pointer-events-none disabled:cursor-not-allowed disabled:opacity-50 md:text-sm focus-visible:border-ring focus-visible:ring-ring/50 focus-visible:ring-[3px] aria-invalid:ring-destructive/20 dark:aria-invalid:ring-destructive/40 aria-invalid:border-destructive h-9 w-full pl-9 sm:h-8 sm:w-72 sm:pl-9 sm:text-sm"
                  data-slot="input"
                  data-testid="search-input"
                  placeholder="Suchen…"
                  value=""
                />
              </div>
            </div>
            <div
              class="flex items-center gap-3"
            >
              <button
                aria-autocomplete="none"
                aria-controls="radix-_r_9_"
                aria-expanded="false"
                class="border-input data-[placeholder]:text-muted-foreground [&_svg:not([class*='text-'])]:text-muted-foreground focus-visible:border-ring focus-visible:ring-ring/50 aria-invalid:ring-destructive/20 dark:aria-invalid:ring-destructive/40 aria-invalid:border-destructive dark:bg-input/30 dark:hover:bg-input/50 flex items-center justify-between gap-2 rounded-md border bg-transparent px-3 py-2 text-sm whitespace-nowrap shadow-xs transition-[color,box-shadow] outline-none focus-visible:ring-[3px] disabled:cursor-not-allowed disabled:opacity-50 data-[size=default]:h-9 data-[size=sm]:h-8 *:data-[slot=select-value]:line-clamp-1 *:data-[slot=select-value]:flex *:data-[slot=select-value]:items-center *:data-[slot=select-value]:gap-2 [&_svg]:pointer-events-none [&_svg]:shrink-0 [&_svg:not([class*='size-'])]:size-4 h-9 w-full sm:h-8 sm:w-42.5"
                data-size="default"
                data-slot="select-trigger"
                data-state="closed"
                data-testid="catalog-sort-by-select"
                dir="ltr"
                role="combobox"
                type="button"
              >
                <span
                  class="flex items-center gap-1.5"
                >
                  <svg
                    aria-hidden="true"
                    class="lucide lucide-clock h-4 w-4 shrink-0"
                    data-testid="sort-mobile-icon"
                    fill="none"
                    height="24"
                    stroke="currentColor"
                    stroke-linecap="round"
                    stroke-linejoin="round"
                    stroke-width="2"
                    viewBox="0 0 24 24"
                    width="24"
                    xmlns="http://www.w3.org/2000/svg"
                  >
                    <path
                      d="M12 6v6l4 2"
                    />
                    <circle
                      cx="12"
                      cy="12"
                      r="10"
                    />
                  </svg>
                  <span
                    class="sm:hidden"
                  >
                    Neueste
                  </span>
                  <span
                    class="hidden sm:contents"
                  >
                    <span
                      data-slot="select-value"
                      style="pointer-events: none;"
                    >
                      <span
                        class="flex items-center gap-2"
                      >
                        <svg
                          aria-hidden="true"
                          class="lucide lucide-clock h-3.5 w-3.5"
                          fill="none"
                          height="24"
                          stroke="currentColor"
                          stroke-linecap="round"
                          stroke-linejoin="round"
                          stroke-width="2"
                          viewBox="0 0 24 24"
                          width="24"
                          xmlns="http://www.w3.org/2000/svg"
                        >
                          <path
                            d="M12 6v6l4 2"
                          />
                          <circle
                            cx="12"
                            cy="12"
                            r="10"
                          />
                        </svg>
                        Neueste zuerst
                      </span>
                    </span>
                  </span>
                </span>
                <svg
                  aria-hidden="true"
                  class="lucide lucide-chevron-down size-4 opacity-50"
                  fill="none"
                  height="24"
                  stroke="currentColor"
                  stroke-linecap="round"
                  stroke-linejoin="round"
                  stroke-width="2"
                  viewBox="0 0 24 24"
                  width="24"
                  xmlns="http://www.w3.org/2000/svg"
                >
                  <path
                    d="m6 9 6 6 6-6"
                  />
                </svg>
              </button>
              <div
                data-testid="mock-react-portal"
              />
              <div
                class="flex items-center rounded-md border"
                data-testid="view-toggle"
              >
                <button
                  class="inline-flex items-center justify-center whitespace-nowrap text-sm font-medium transition-all disabled:pointer-events-none disabled:opacity-50 [&_svg]:pointer-events-none [&_svg:not([class*='size-'])]:size-4 shrink-0 [&_svg]:shrink-0 outline-none focus-visible:border-ring focus-visible:ring-ring/50 focus-visible:ring-[3px] aria-invalid:ring-destructive/20 dark:aria-invalid:ring-destructive/40 aria-invalid:border-destructive hover:bg-accent hover:text-accent-foreground dark:hover:bg-accent/50 rounded-md gap-1.5 has-[>svg]:px-2.5 h-8 cursor-pointer rounded-r-none border-r px-3 bg-slate-100"
                  data-slot="button"
                  data-testid="grid-view-btn"
                >
                  <svg
                    aria-hidden="true"
                    class="lucide lucide-grid3x3 lucide-grid-3x3 h-4 w-4"
                    fill="none"
                    height="24"
                    stroke="currentColor"
                    stroke-linecap="round"
                    stroke-linejoin="round"
                    stroke-width="2"
                    viewBox="0 0 24 24"
                    width="24"
                    xmlns="http://www.w3.org/2000/svg"
                  >
                    <rect
                      height="18"
                      rx="2"
                      width="18"
                      x="3"
                      y="3"
                    />
                    <path
                      d="M3 9h18"
                    />
                    <path
                      d="M3 15h18"
                    />
                    <path
                      d="M9 3v18"
                    />
                    <path
                      d="M15 3v18"
                    />
                  </svg>
                </button>
                <button
                  class="inline-flex items-center justify-center whitespace-nowrap text-sm font-medium transition-all disabled:pointer-events-none disabled:opacity-50 [&_svg]:pointer-events-none [&_svg:not([class*='size-'])]:size-4 shrink-0 [&_svg]:shrink-0 outline-none focus-visible:border-ring focus-visible:ring-ring/50 focus-visible:ring-[3px] aria-invalid:ring-destructive/20 dark:aria-invalid:ring-destructive/40 aria-invalid:border-destructive hover:bg-accent hover:text-accent-foreground dark:hover:bg-accent/50 rounded-md gap-1.5 has-[>svg]:px-2.5 h-8 cursor-pointer rounded-l-none px-3"
                  data-slot="button"
                  data-testid="list-view-btn"
                >
                  <svg
                    aria-hidden="true"
                    class="lucide lucide-list h-4 w-4"
                    fill="none"
                    height="24"
                    stroke="currentColor"
                    stroke-linecap="round"
                    stroke-linejoin="round"
                    stroke-width="2"
                    viewBox="0 0 24 24"
                    width="24"
                    xmlns="http://www.w3.org/2000/svg"
                  >
                    <path
                      d="M3 5h.01"
                    />
                    <path
                      d="M3 12h.01"
                    />
                    <path
                      d="M3 19h.01"
                    />
                    <path
                      d="M8 5h13"
                    />
                    <path
                      d="M8 12h13"
                    />
                    <path
                      d="M8 19h13"
                    />
                  </svg>
                </button>
              </div>
            </div>
          </div>
        </div>
        <div
          class="grid grid-cols-1 gap-4 sm:grid-cols-2 lg:grid-cols-3"
          data-testid="catalog-entries-grid"
        >
          <div
            class="bg-card text-card-foreground gap-6 rounded-xl border py-6 shadow-sm flex flex-col transition-shadow hover:shadow-md"
            data-slot="card"
            data-testid="catalog-entry-item"
          >
            <div
              class="@container/card-header grid auto-rows-min grid-rows-[auto_auto] items-start gap-2 px-6 has-data-[slot=card-action]:grid-cols-[1fr_auto] [.border-b]:pb-6 pb-3"
              data-slot="card-header"
              data-testid="header"
            >
              <span
                class="inline-flex items-center justify-center rounded-full border px-2 py-0.5 font-medium whitespace-nowrap shrink-0 [&>svg]:size-3 gap-1 [&>svg]:pointer-events-none focus-visible:border-ring focus-visible:ring-ring/50 focus-visible:ring-[3px] aria-invalid:ring-destructive/20 dark:aria-invalid:ring-destructive/40 aria-invalid:border-destructive transition-[color,box-shadow] overflow-hidden border-transparent bg-secondary text-secondary-foreground [a&]:hover:bg-secondary/90 w-fit text-xs"
                data-slot="badge"
                data-testid="explore-entry-card-category"
              >
                Category 1
              </span>
              <a
                class="line-clamp-2 text-base leading-snug font-semibold text-slate-900 transition-colors hover:text-slate-600"
                data-testid="entry-title-link"
                href="/explore/entry-slug-1"
              >
                Catalog Entry 1
              </a>
            </div>
            <div
              class="px-6 flex-1 pb-3"
              data-slot="card-content"
              data-testid="content"
            >
              <p
                class="line-clamp-2 text-sm text-slate-500"
              >
                Description for catalog entry 1
              </p>
              <div
                class="mt-3 flex flex-wrap items-center gap-x-4 gap-y-1 text-xs text-slate-400"
              >
                <span
                  data-testid="recommended-model"
                >
                  GPT-4o
                </span>
                <span
                  class="flex items-center gap-1"
                  data-testid="fields-count"
                >
                  <svg
                    aria-hidden="true"
                    class="lucide lucide-layout-list h-3.5 w-3.5"
                    fill="none"
                    height="24"
                    stroke="currentColor"
                    stroke-linecap="round"
                    stroke-linejoin="round"
                    stroke-width="2"
                    viewBox="0 0 24 24"
                    width="24"
                    xmlns="http://www.w3.org/2000/svg"
                  >
                    <rect
                      height="7"
                      rx="1"
                      width="7"
                      x="3"
                      y="3"
                    />
                    <rect
                      height="7"
                      rx="1"
                      width="7"
                      x="3"
                      y="14"
                    />
                    <path
                      d="M14 4h7"
                    />
                    <path
                      d="M14 9h7"
                    />
                    <path
                      d="M14 15h7"
                    />
                    <path
                      d="M14 20h7"
                    />
                  </svg>
                  3
                   
                  Felder
                </span>
                <span
                  class="flex items-center gap-1"
                  data-testid="copy-count"
                >
                  <svg
                    aria-hidden="true"
                    class="lucide lucide-copy h-3.5 w-3.5"
                    fill="none"
                    height="24"
                    stroke="currentColor"
                    stroke-linecap="round"
                    stroke-linejoin="round"
                    stroke-width="2"
                    viewBox="0 0 24 24"
                    width="24"
                    xmlns="http://www.w3.org/2000/svg"
                  >
                    <rect
                      height="14"
                      rx="2"
                      ry="2"
                      width="14"
                      x="8"
                      y="8"
                    />
                    <path
                      d="M4 16c-1.1 0-2-.9-2-2V4c0-1.1.9-2 2-2h10c1.1 0 2 .9 2 2"
                    />
                  </svg>
                  5
                  × übernommen
                </span>
              </div>
            </div>
            <div
              class="flex items-center px-6 [.border-t]:pt-6 pt-0"
              data-slot="card-footer"
              data-testid="footer"
            >
              <div
                class="flex w-full gap-1.5"
              >
                <button
                  class="inline-flex items-center justify-center whitespace-nowrap text-sm font-medium transition-all disabled:pointer-events-none disabled:opacity-50 [&_svg]:pointer-events-none [&_svg:not([class*='size-'])]:size-4 [&_svg]:shrink-0 outline-none focus-visible:border-ring focus-visible:ring-ring/50 focus-visible:ring-[3px] aria-invalid:ring-destructive/20 dark:aria-invalid:ring-destructive/40 aria-invalid:border-destructive bg-primary text-primary-foreground hover:bg-primary/90 h-8 rounded-md gap-1.5 px-3 has-[>svg]:px-2.5 flex-1 cursor-pointer"
                  data-slot="button"
                  data-testid="use-entry-lazy-btn"
                >
                  <svg
                    aria-hidden="true"
                    class="lucide lucide-wand-sparkles mr-1.5 h-3.5 w-3.5"
                    fill="none"
                    height="24"
                    stroke="currentColor"
                    stroke-linecap="round"
                    stroke-linejoin="round"
                    stroke-width="2"
                    viewBox="0 0 24 24"
                    width="24"
                    xmlns="http://www.w3.org/2000/svg"
                  >
                    <path
                      d="m21.64 3.64-1.28-1.28a1.21 1.21 0 0 0-1.72 0L2.36 18.64a1.21 1.21 0 0 0 0 1.72l1.28 1.28a1.2 1.2 0 0 0 1.72 0L21.64 5.36a1.2 1.2 0 0 0 0-1.72"
                    />
                    <path
                      d="m14 7 3 3"
                    />
                    <path
                      d="M5 6v4"
                    />
                    <path
                      d="M19 14v4"
                    />
                    <path
                      d="M10 2v2"
                    />
                    <path
                      d="M7 8H3"
                    />
                    <path
                      d="M21 16h-4"
                    />
                    <path
                      d="M11 3H9"
                    />
                  </svg>
                  Anwenden
                </button>
                <div
                  data-slot="dropdown-menu"
                  data-testid="catalog-entry-more-options-btn"
                >
                  <button
                    class="inline-flex items-center justify-center gap-2 whitespace-nowrap rounded-md text-sm font-medium transition-all disabled:pointer-events-none disabled:opacity-50 [&_svg]:pointer-events-none [&_svg:not([class*='size-'])]:size-4 shrink-0 [&_svg]:shrink-0 outline-none focus-visible:border-ring focus-visible:ring-ring/50 focus-visible:ring-[3px] aria-invalid:ring-destructive/20 dark:aria-invalid:ring-destructive/40 aria-invalid:border-destructive border bg-background shadow-xs hover:bg-accent hover:text-accent-foreground dark:bg-input/30 dark:border-input dark:hover:bg-input/50 size-8 cursor-pointer"
                    data-slot="dropdown-menu-trigger"
                    data-testid="trigger-btn"
                  >
                    <svg
                      aria-hidden="true"
                      class="lucide lucide-ellipsis-vertical h-4 w-4"
                      fill="none"
                      height="24"
                      stroke="currentColor"
                      stroke-linecap="round"
                      stroke-linejoin="round"
                      stroke-width="2"
                      viewBox="0 0 24 24"
                      width="24"
                      xmlns="http://www.w3.org/2000/svg"
                    >
                      <circle
                        cx="12"
                        cy="12"
                        r="1"
                      />
                      <circle
                        cx="12"
                        cy="5"
                        r="1"
                      />
                      <circle
                        cx="12"
                        cy="19"
                        r="1"
                      />
                    </svg>
                  </button>
                  <div
                    data-testid="mock-react-dropdown-menu-portal"
                  />
                </div>
                <div
                  data-slot="dialog"
                  data-testid="mock-react-dialog-root"
                >
                  <div
                    data-slot="dialog-portal"
                    data-testid="mock-react-dialog-portal"
                  >
                    <div
                      class="fixed inset-0 z-50 bg-black/50 data-[state=closed]:animate-out data-[state=closed]:fade-out-0 data-[state=open]:animate-in data-[state=open]:fade-in-0"
                      data-slot="dialog-overlay"
                      data-testid="mock-react-dialog-overlay"
                    />
                  </div>
                </div>
              </div>
            </div>
          </div>
          <div
            class="bg-card text-card-foreground gap-6 rounded-xl border py-6 shadow-sm flex flex-col transition-shadow hover:shadow-md"
            data-slot="card"
            data-testid="catalog-entry-item"
          >
            <div
              class="@container/card-header grid auto-rows-min grid-rows-[auto_auto] items-start gap-2 px-6 has-data-[slot=card-action]:grid-cols-[1fr_auto] [.border-b]:pb-6 pb-3"
              data-slot="card-header"
              data-testid="header"
            >
              <span
                class="inline-flex items-center justify-center rounded-full border px-2 py-0.5 font-medium whitespace-nowrap shrink-0 [&>svg]:size-3 gap-1 [&>svg]:pointer-events-none focus-visible:border-ring focus-visible:ring-ring/50 focus-visible:ring-[3px] aria-invalid:ring-destructive/20 dark:aria-invalid:ring-destructive/40 aria-invalid:border-destructive transition-[color,box-shadow] overflow-hidden border-transparent bg-secondary text-secondary-foreground [a&]:hover:bg-secondary/90 w-fit text-xs"
                data-slot="badge"
                data-testid="explore-entry-card-category"
              >
                Category 2
              </span>
              <a
                class="line-clamp-2 text-base leading-snug font-semibold text-slate-900 transition-colors hover:text-slate-600"
                data-testid="entry-title-link"
                href="/explore/entry-slug-2"
              >
                Catalog Entry 2
              </a>
            </div>
            <div
              class="px-6 flex-1 pb-3"
              data-slot="card-content"
              data-testid="content"
            >
              <p
                class="line-clamp-2 text-sm text-slate-500"
              >
                Description for catalog entry 2
              </p>
              <div
                class="mt-3 flex flex-wrap items-center gap-x-4 gap-y-1 text-xs text-slate-400"
              >
                <span
                  data-testid="recommended-model"
                >
                  GPT-4o
                </span>
                <span
                  class="flex items-center gap-1"
                  data-testid="fields-count"
                >
                  <svg
                    aria-hidden="true"
                    class="lucide lucide-layout-list h-3.5 w-3.5"
                    fill="none"
                    height="24"
                    stroke="currentColor"
                    stroke-linecap="round"
                    stroke-linejoin="round"
                    stroke-width="2"
                    viewBox="0 0 24 24"
                    width="24"
                    xmlns="http://www.w3.org/2000/svg"
                  >
                    <rect
                      height="7"
                      rx="1"
                      width="7"
                      x="3"
                      y="3"
                    />
                    <rect
                      height="7"
                      rx="1"
                      width="7"
                      x="3"
                      y="14"
                    />
                    <path
                      d="M14 4h7"
                    />
                    <path
                      d="M14 9h7"
                    />
                    <path
                      d="M14 15h7"
                    />
                    <path
                      d="M14 20h7"
                    />
                  </svg>
                  3
                   
                  Felder
                </span>
                <span
                  class="flex items-center gap-1"
                  data-testid="copy-count"
                >
                  <svg
                    aria-hidden="true"
                    class="lucide lucide-copy h-3.5 w-3.5"
                    fill="none"
                    height="24"
                    stroke="currentColor"
                    stroke-linecap="round"
                    stroke-linejoin="round"
                    stroke-width="2"
                    viewBox="0 0 24 24"
                    width="24"
                    xmlns="http://www.w3.org/2000/svg"
                  >
                    <rect
                      height="14"
                      rx="2"
                      ry="2"
                      width="14"
                      x="8"
                      y="8"
                    />
                    <path
                      d="M4 16c-1.1 0-2-.9-2-2V4c0-1.1.9-2 2-2h10c1.1 0 2 .9 2 2"
                    />
                  </svg>
                  10
                  × übernommen
                </span>
              </div>
            </div>
            <div
              class="flex items-center px-6 [.border-t]:pt-6 pt-0"
              data-slot="card-footer"
              data-testid="footer"
            >
              <div
                class="flex w-full gap-1.5"
              >
                <button
                  class="inline-flex items-center justify-center whitespace-nowrap text-sm font-medium transition-all disabled:pointer-events-none disabled:opacity-50 [&_svg]:pointer-events-none [&_svg:not([class*='size-'])]:size-4 [&_svg]:shrink-0 outline-none focus-visible:border-ring focus-visible:ring-ring/50 focus-visible:ring-[3px] aria-invalid:ring-destructive/20 dark:aria-invalid:ring-destructive/40 aria-invalid:border-destructive bg-primary text-primary-foreground hover:bg-primary/90 h-8 rounded-md gap-1.5 px-3 has-[>svg]:px-2.5 flex-1 cursor-pointer"
                  data-slot="button"
                  data-testid="use-entry-lazy-btn"
                >
                  <svg
                    aria-hidden="true"
                    class="lucide lucide-wand-sparkles mr-1.5 h-3.5 w-3.5"
                    fill="none"
                    height="24"
                    stroke="currentColor"
                    stroke-linecap="round"
                    stroke-linejoin="round"
                    stroke-width="2"
                    viewBox="0 0 24 24"
                    width="24"
                    xmlns="http://www.w3.org/2000/svg"
                  >
                    <path
                      d="m21.64 3.64-1.28-1.28a1.21 1.21 0 0 0-1.72 0L2.36 18.64a1.21 1.21 0 0 0 0 1.72l1.28 1.28a1.2 1.2 0 0 0 1.72 0L21.64 5.36a1.2 1.2 0 0 0 0-1.72"
                    />
                    <path
                      d="m14 7 3 3"
                    />
                    <path
                      d="M5 6v4"
                    />
                    <path
                      d="M19 14v4"
                    />
                    <path
                      d="M10 2v2"
                    />
                    <path
                      d="M7 8H3"
                    />
                    <path
                      d="M21 16h-4"
                    />
                    <path
                      d="M11 3H9"
                    />
                  </svg>
                  Anwenden
                </button>
                <div
                  data-slot="dropdown-menu"
                  data-testid="catalog-entry-more-options-btn"
                >
                  <button
                    class="inline-flex items-center justify-center gap-2 whitespace-nowrap rounded-md text-sm font-medium transition-all disabled:pointer-events-none disabled:opacity-50 [&_svg]:pointer-events-none [&_svg:not([class*='size-'])]:size-4 shrink-0 [&_svg]:shrink-0 outline-none focus-visible:border-ring focus-visible:ring-ring/50 focus-visible:ring-[3px] aria-invalid:ring-destructive/20 dark:aria-invalid:ring-destructive/40 aria-invalid:border-destructive border bg-background shadow-xs hover:bg-accent hover:text-accent-foreground dark:bg-input/30 dark:border-input dark:hover:bg-input/50 size-8 cursor-pointer"
                    data-slot="dropdown-menu-trigger"
                    data-testid="trigger-btn"
                  >
                    <svg
                      aria-hidden="true"
                      class="lucide lucide-ellipsis-vertical h-4 w-4"
                      fill="none"
                      height="24"
                      stroke="currentColor"
                      stroke-linecap="round"
                      stroke-linejoin="round"
                      stroke-width="2"
                      viewBox="0 0 24 24"
                      width="24"
                      xmlns="http://www.w3.org/2000/svg"
                    >
                      <circle
                        cx="12"
                        cy="12"
                        r="1"
                      />
                      <circle
                        cx="12"
                        cy="5"
                        r="1"
                      />
                      <circle
                        cx="12"
                        cy="19"
                        r="1"
                      />
                    </svg>
                  </button>
                  <div
                    data-testid="mock-react-dropdown-menu-portal"
                  />
                </div>
                <div
                  data-slot="dialog"
                  data-testid="mock-react-dialog-root"
                >
                  <div
                    data-slot="dialog-portal"
                    data-testid="mock-react-dialog-portal"
                  >
                    <div
                      class="fixed inset-0 z-50 bg-black/50 data-[state=closed]:animate-out data-[state=closed]:fade-out-0 data-[state=open]:animate-in data-[state=open]:fade-in-0"
                      data-slot="dialog-overlay"
                      data-testid="mock-react-dialog-overlay"
                    />
                  </div>
                </div>
              </div>
            </div>
          </div>
          <div
            class="bg-card text-card-foreground gap-6 rounded-xl border py-6 shadow-sm flex flex-col transition-shadow hover:shadow-md"
            data-slot="card"
            data-testid="catalog-entry-item"
          >
            <div
              class="@container/card-header grid auto-rows-min grid-rows-[auto_auto] items-start gap-2 px-6 has-data-[slot=card-action]:grid-cols-[1fr_auto] [.border-b]:pb-6 pb-3"
              data-slot="card-header"
              data-testid="header"
            >
              <span
                class="inline-flex items-center justify-center rounded-full border px-2 py-0.5 font-medium whitespace-nowrap shrink-0 [&>svg]:size-3 gap-1 [&>svg]:pointer-events-none focus-visible:border-ring focus-visible:ring-ring/50 focus-visible:ring-[3px] aria-invalid:ring-destructive/20 dark:aria-invalid:ring-destructive/40 aria-invalid:border-destructive transition-[color,box-shadow] overflow-hidden border-transparent bg-secondary text-secondary-foreground [a&]:hover:bg-secondary/90 w-fit text-xs"
                data-slot="badge"
                data-testid="explore-entry-card-category"
              >
                Category 3
              </span>
              <a
                class="line-clamp-2 text-base leading-snug font-semibold text-slate-900 transition-colors hover:text-slate-600"
                data-testid="entry-title-link"
                href="/explore/entry-slug-3"
              >
                Catalog Entry 3
              </a>
            </div>
            <div
              class="px-6 flex-1 pb-3"
              data-slot="card-content"
              data-testid="content"
            >
              <p
                class="line-clamp-2 text-sm text-slate-500"
              >
                Description for catalog entry 3
              </p>
              <div
                class="mt-3 flex flex-wrap items-center gap-x-4 gap-y-1 text-xs text-slate-400"
              >
                <span
                  data-testid="recommended-model"
                >
                  GPT-4o
                </span>
                <span
                  class="flex items-center gap-1"
                  data-testid="fields-count"
                >
                  <svg
                    aria-hidden="true"
                    class="lucide lucide-layout-list h-3.5 w-3.5"
                    fill="none"
                    height="24"
                    stroke="currentColor"
                    stroke-linecap="round"
                    stroke-linejoin="round"
                    stroke-width="2"
                    viewBox="0 0 24 24"
                    width="24"
                    xmlns="http://www.w3.org/2000/svg"
                  >
                    <rect
                      height="7"
                      rx="1"
                      width="7"
                      x="3"
                      y="3"
                    />
                    <rect
                      height="7"
                      rx="1"
                      width="7"
                      x="3"
                      y="14"
                    />
                    <path
                      d="M14 4h7"
                    />
                    <path
                      d="M14 9h7"
                    />
                    <path
                      d="M14 15h7"
                    />
                    <path
                      d="M14 20h7"
                    />
                  </svg>
                  3
                   
                  Felder
                </span>
                <span
                  class="flex items-center gap-1"
                  data-testid="copy-count"
                >
                  <svg
                    aria-hidden="true"
                    class="lucide lucide-copy h-3.5 w-3.5"
                    fill="none"
                    height="24"
                    stroke="currentColor"
                    stroke-linecap="round"
                    stroke-linejoin="round"
                    stroke-width="2"
                    viewBox="0 0 24 24"
                    width="24"
                    xmlns="http://www.w3.org/2000/svg"
                  >
                    <rect
                      height="14"
                      rx="2"
                      ry="2"
                      width="14"
                      x="8"
                      y="8"
                    />
                    <path
                      d="M4 16c-1.1 0-2-.9-2-2V4c0-1.1.9-2 2-2h10c1.1 0 2 .9 2 2"
                    />
                  </svg>
                  15
                  × übernommen
                </span>
              </div>
            </div>
            <div
              class="flex items-center px-6 [.border-t]:pt-6 pt-0"
              data-slot="card-footer"
              data-testid="footer"
            >
              <div
                class="flex w-full gap-1.5"
              >
                <button
                  class="inline-flex items-center justify-center whitespace-nowrap text-sm font-medium transition-all disabled:pointer-events-none disabled:opacity-50 [&_svg]:pointer-events-none [&_svg:not([class*='size-'])]:size-4 [&_svg]:shrink-0 outline-none focus-visible:border-ring focus-visible:ring-ring/50 focus-visible:ring-[3px] aria-invalid:ring-destructive/20 dark:aria-invalid:ring-destructive/40 aria-invalid:border-destructive bg-primary text-primary-foreground hover:bg-primary/90 h-8 rounded-md gap-1.5 px-3 has-[>svg]:px-2.5 flex-1 cursor-pointer"
                  data-slot="button"
                  data-testid="use-entry-lazy-btn"
                >
                  <svg
                    aria-hidden="true"
                    class="lucide lucide-wand-sparkles mr-1.5 h-3.5 w-3.5"
                    fill="none"
                    height="24"
                    stroke="currentColor"
                    stroke-linecap="round"
                    stroke-linejoin="round"
                    stroke-width="2"
                    viewBox="0 0 24 24"
                    width="24"
                    xmlns="http://www.w3.org/2000/svg"
                  >
                    <path
                      d="m21.64 3.64-1.28-1.28a1.21 1.21 0 0 0-1.72 0L2.36 18.64a1.21 1.21 0 0 0 0 1.72l1.28 1.28a1.2 1.2 0 0 0 1.72 0L21.64 5.36a1.2 1.2 0 0 0 0-1.72"
                    />
                    <path
                      d="m14 7 3 3"
                    />
                    <path
                      d="M5 6v4"
                    />
                    <path
                      d="M19 14v4"
                    />
                    <path
                      d="M10 2v2"
                    />
                    <path
                      d="M7 8H3"
                    />
                    <path
                      d="M21 16h-4"
                    />
                    <path
                      d="M11 3H9"
                    />
                  </svg>
                  Anwenden
                </button>
                <div
                  data-slot="dropdown-menu"
                  data-testid="catalog-entry-more-options-btn"
                >
                  <button
                    class="inline-flex items-center justify-center gap-2 whitespace-nowrap rounded-md text-sm font-medium transition-all disabled:pointer-events-none disabled:opacity-50 [&_svg]:pointer-events-none [&_svg:not([class*='size-'])]:size-4 shrink-0 [&_svg]:shrink-0 outline-none focus-visible:border-ring focus-visible:ring-ring/50 focus-visible:ring-[3px] aria-invalid:ring-destructive/20 dark:aria-invalid:ring-destructive/40 aria-invalid:border-destructive border bg-background shadow-xs hover:bg-accent hover:text-accent-foreground dark:bg-input/30 dark:border-input dark:hover:bg-input/50 size-8 cursor-pointer"
                    data-slot="dropdown-menu-trigger"
                    data-testid="trigger-btn"
                  >
                    <svg
                      aria-hidden="true"
                      class="lucide lucide-ellipsis-vertical h-4 w-4"
                      fill="none"
                      height="24"
                      stroke="currentColor"
                      stroke-linecap="round"
                      stroke-linejoin="round"
                      stroke-width="2"
                      viewBox="0 0 24 24"
                      width="24"
                      xmlns="http://www.w3.org/2000/svg"
                    >
                      <circle
                        cx="12"
                        cy="12"
                        r="1"
                      />
                      <circle
                        cx="12"
                        cy="5"
                        r="1"
                      />
                      <circle
                        cx="12"
                        cy="19"
                        r="1"
                      />
                    </svg>
                  </button>
                  <div
                    data-testid="mock-react-dropdown-menu-portal"
                  />
                </div>
                <div
                  data-slot="dialog"
                  data-testid="mock-react-dialog-root"
                >
                  <div
                    data-slot="dialog-portal"
                    data-testid="mock-react-dialog-portal"
                  >
                    <div
                      class="fixed inset-0 z-50 bg-black/50 data-[state=closed]:animate-out data-[state=closed]:fade-out-0 data-[state=open]:animate-in data-[state=open]:fade-in-0"
                      data-slot="dialog-overlay"
                      data-testid="mock-react-dialog-overlay"
                    />
                  </div>
                </div>
              </div>
            </div>
          </div>
        </div>
      </div>
    </div>
  </div>
</div>
`;
