// Jest Snapshot v1, https://jestjs.io/docs/snapshot-testing

exports[`NextStep rendering tests target defined - test 1`] = `
<div>
  <button
    class="inline-flex items-center gap-2 whitespace-nowrap rounded-md text-sm font-medium transition-all disabled:pointer-events-none disabled:opacity-50 [&_svg]:pointer-events-none [&_svg:not([class*='size-'])]:size-4 shrink-0 [&_svg]:shrink-0 outline-none focus-visible:border-ring focus-visible:ring-ring/50 focus-visible:ring-[3px] aria-invalid:ring-destructive/20 dark:aria-invalid:ring-destructive/40 aria-invalid:border-destructive border bg-background shadow-xs hover:bg-accent hover:text-accent-foreground dark:bg-input/30 dark:border-input dark:hover:bg-input/50 px-4 py-2 has-[>svg]:px-3 group h-auto cursor-pointer justify-between text-left"
    data-slot="button"
    data-testid="next-step-btn"
  >
    <div>
      <span
        class="text-sm font-semibold"
      >
        Weiter
      </span>
      <p
        class="mt-0.5 text-xs font-normal text-muted-foreground"
      >
        → 
        step-title-1
      </p>
    </div>
    <svg
      aria-hidden="true"
      class="lucide lucide-arrow-right ml-3 h-4 w-4 shrink-0 text-muted-foreground transition-transform group-hover:translate-x-0.5"
      fill="none"
      height="24"
      stroke="currentColor"
      stroke-linecap="round"
      stroke-linejoin="round"
      stroke-width="2"
      viewBox="0 0 24 24"
      width="24"
      xmlns="http://www.w3.org/2000/svg"
    >
      <path
        d="M5 12h14"
      />
      <path
        d="m12 5 7 7-7 7"
      />
    </svg>
  </button>
</div>
`;

exports[`NextStep rendering tests target undefined - test 1`] = `
<div>
  <button
    class="inline-flex items-center gap-2 whitespace-nowrap rounded-md text-sm font-medium transition-all disabled:pointer-events-none disabled:opacity-50 [&_svg]:pointer-events-none [&_svg:not([class*='size-'])]:size-4 shrink-0 [&_svg]:shrink-0 outline-none focus-visible:border-ring focus-visible:ring-ring/50 focus-visible:ring-[3px] aria-invalid:ring-destructive/20 dark:aria-invalid:ring-destructive/40 aria-invalid:border-destructive border bg-background shadow-xs hover:bg-accent hover:text-accent-foreground dark:bg-input/30 dark:border-input dark:hover:bg-input/50 px-4 py-2 has-[>svg]:px-3 group h-auto cursor-pointer justify-between text-left"
    data-slot="button"
    data-testid="next-step-btn"
  >
    <div>
      <span
        class="text-sm font-semibold"
      >
        Weiter
      </span>
    </div>
    <svg
      aria-hidden="true"
      class="lucide lucide-arrow-right ml-3 h-4 w-4 shrink-0 text-muted-foreground transition-transform group-hover:translate-x-0.5"
      fill="none"
      height="24"
      stroke="currentColor"
      stroke-linecap="round"
      stroke-linejoin="round"
      stroke-width="2"
      viewBox="0 0 24 24"
      width="24"
      xmlns="http://www.w3.org/2000/svg"
    >
      <path
        d="M5 12h14"
      />
      <path
        d="m12 5 7 7-7 7"
      />
    </svg>
  </button>
</div>
`;
