// Jest Snapshot v1, https://jestjs.io/docs/snapshot-testing

exports[`SignUpPage rendering tests SignUpPage - user already signed in - callbackUrl defined - rendered test 1`] = `<div />`;

exports[`SignUpPage rendering tests SignUpPage - user already signed in - callbackUrl undefined - rendered test 1`] = `<div />`;

exports[`SignUpPage rendering tests SignUpPage - user not signed in - rendered test 1`] = `
<div>
  <div
    class="flex min-h-screen w-full items-center justify-center bg-linear-to-br from-background via-background to-primary/5 p-4"
    data-testid="sign-up-page"
  >
    <div
      class="w-full max-w-md"
    >
      <div
        class="bg-card text-card-foreground flex flex-col gap-6 rounded-xl py-6 border-2 shadow-xl"
        data-slot="card"
      >
        <div
          class="@container/card-header grid auto-rows-min grid-rows-[auto_auto] items-start gap-2 px-6 has-data-[slot=card-action]:grid-cols-[1fr_auto] [.border-b]:pb-6 space-y-6 pb-6"
          data-slot="card-header"
          data-testid="card-header"
        >
          <a
            class="flex flex-col items-center gap-3"
            data-testid="mock-link"
            href="/"
          >
            <h1
              class="text-2xl font-bold"
            >
              Vision Notes
            </h1>
          </a>
          <div
            class="space-y-2"
          >
            <div
              class="text-center text-3xl font-bold tracking-tight"
              data-slot="card-title"
              data-testid="card-title"
            >
              Konto erstellen
            </div>
            <div
              class="text-muted-foreground text-center text-base"
              data-slot="card-description"
              data-testid="card-description"
            >
              Erstelle dein Konto und leg direkt los
            </div>
          </div>
        </div>
        <div
          class="px-6 pb-8"
          data-slot="card-content"
        >
          <div
            data-testid="sign-up-form-mock"
          />
        </div>
      </div>
    </div>
  </div>
</div>
`;
