// Jest Snapshot v1, https://jestjs.io/docs/snapshot-testing

exports[`LibraryDetailLoading rendering tests LibraryDetailLoading rendered test 1`] = `
<div>
  <div
    class="container mx-auto px-4 py-8"
    data-testid="library-item-loading"
  >
    <div
      class="mb-6"
    >
      <div
        class="h-5 w-48 animate-pulse rounded bg-slate-200"
      />
    </div>
    <div
      class="mx-auto max-w-5xl"
    >
      <div
        class="rounded-lg border border-slate-300 bg-white"
      >
        <div
          class="border-b border-slate-200 p-6"
        >
          <div
            class="space-y-4"
          >
            <div
              class="h-9 w-3/4 animate-pulse rounded bg-slate-200"
            />
            <div
              class="h-7 w-32 animate-pulse rounded bg-slate-200"
            />
            <div
              class="flex flex-wrap gap-2"
            >
              <div
                class="h-6 w-20 animate-pulse rounded bg-slate-100"
              />
              <div
                class="h-6 w-20 animate-pulse rounded bg-slate-100"
              />
              <div
                class="h-6 w-20 animate-pulse rounded bg-slate-100"
              />
            </div>
          </div>
        </div>
        <div
          class="space-y-6 p-6"
        >
          <div>
            <div
              class="mb-3 h-7 w-32 animate-pulse rounded bg-slate-200"
            />
            <div
              class="space-y-2"
            >
              <div
                class="h-4 w-full animate-pulse rounded bg-slate-100"
              />
              <div
                class="h-4 w-5/6 animate-pulse rounded bg-slate-100"
              />
              <div
                class="h-4 w-4/5 animate-pulse rounded bg-slate-100"
              />
            </div>
          </div>
          <div>
            <div
              class="mb-3 h-7 w-48 animate-pulse rounded bg-slate-200"
            />
            <div
              class="space-y-2"
            >
              <div
                class="h-4 w-full animate-pulse rounded bg-slate-100"
              />
              <div
                class="h-4 w-full animate-pulse rounded bg-slate-100"
              />
              <div
                class="h-4 w-5/6 animate-pulse rounded bg-slate-100"
              />
              <div
                class="h-4 w-4/5 animate-pulse rounded bg-slate-100"
              />
              <div
                class="h-4 w-3/4 animate-pulse rounded bg-slate-100"
              />
            </div>
          </div>
          <div>
            <div
              class="animate-pulse rounded-lg border border-slate-200 bg-slate-50 p-4"
            >
              <div
                class="mb-3 flex items-center justify-between"
              >
                <div
                  class="h-6 w-28 rounded bg-slate-200"
                />
                <div
                  class="h-8 w-24 rounded bg-slate-200"
                />
              </div>
              <div
                class="space-y-2"
              >
                <div
                  class="h-4 w-full rounded bg-slate-100"
                />
                <div
                  class="h-4 w-full rounded bg-slate-100"
                />
                <div
                  class="h-4 w-5/6 rounded bg-slate-100"
                />
                <div
                  class="h-4 w-4/5 rounded bg-slate-100"
                />
                <div
                  class="h-4 w-full rounded bg-slate-100"
                />
                <div
                  class="h-4 w-3/4 rounded bg-slate-100"
                />
              </div>
            </div>
          </div>
          <div
            class="flex gap-3 border-t border-slate-200 pt-4"
          >
            <div
              class="h-10 w-40 animate-pulse rounded bg-slate-200"
            />
            <div
              class="h-10 w-32 animate-pulse rounded bg-slate-200"
            />
          </div>
        </div>
      </div>
    </div>
  </div>
</div>
`;
