// Jest Snapshot v1, https://jestjs.io/docs/snapshot-testing

exports[`PublicLayout rendering tests PublicLayout rendered test 1`] = `
<div>
  <div
    class="h-full flex flex-row"
    data-testid="public-layout"
  >
    <main
      class="flex-1 wrapper"
    >
      <div
        data-testid="test-1"
      />
    </main>
  </div>
</div>
`;
